1
hello
world
hello
5
helloworld
7
hello
world
hello
11
helloworld
13
